Archive member included to satisfy reference by file (symbol)

c:/st/stm32cubeide_1.3.0/stm32cubeide/plugins/com.st.stm32cube.ide.mcu.externaltools.gnu-tools-for-stm32.7-2018-q2-update.win32_1.0.0.201904181610/tools/bin/../lib/gcc/arm-none-eabi/7.3.1/../../../../arm-none-eabi/lib/thumb/v7-m\libc_nano.a(lib_a-errno.o)
                              Core/Src/syscalls.o (__errno)
c:/st/stm32cubeide_1.3.0/stm32cubeide/plugins/com.st.stm32cube.ide.mcu.externaltools.gnu-tools-for-stm32.7-2018-q2-update.win32_1.0.0.201904181610/tools/bin/../lib/gcc/arm-none-eabi/7.3.1/../../../../arm-none-eabi/lib/thumb/v7-m\libc_nano.a(lib_a-exit.o)
                              c:/st/stm32cubeide_1.3.0/stm32cubeide/plugins/com.st.stm32cube.ide.mcu.externaltools.gnu-tools-for-stm32.7-2018-q2-update.win32_1.0.0.201904181610/tools/bin/../lib/gcc/arm-none-eabi/7.3.1/../../../../arm-none-eabi/lib/thumb/v7-m/crt0.o (exit)
c:/st/stm32cubeide_1.3.0/stm32cubeide/plugins/com.st.stm32cube.ide.mcu.externaltools.gnu-tools-for-stm32.7-2018-q2-update.win32_1.0.0.201904181610/tools/bin/../lib/gcc/arm-none-eabi/7.3.1/../../../../arm-none-eabi/lib/thumb/v7-m\libc_nano.a(lib_a-impure.o)
                              c:/st/stm32cubeide_1.3.0/stm32cubeide/plugins/com.st.stm32cube.ide.mcu.externaltools.gnu-tools-for-stm32.7-2018-q2-update.win32_1.0.0.201904181610/tools/bin/../lib/gcc/arm-none-eabi/7.3.1/../../../../arm-none-eabi/lib/thumb/v7-m\libc_nano.a(lib_a-exit.o) (_global_impure_ptr)
c:/st/stm32cubeide_1.3.0/stm32cubeide/plugins/com.st.stm32cube.ide.mcu.externaltools.gnu-tools-for-stm32.7-2018-q2-update.win32_1.0.0.201904181610/tools/bin/../lib/gcc/arm-none-eabi/7.3.1/../../../../arm-none-eabi/lib/thumb/v7-m\libc_nano.a(lib_a-init.o)
                              c:/st/stm32cubeide_1.3.0/stm32cubeide/plugins/com.st.stm32cube.ide.mcu.externaltools.gnu-tools-for-stm32.7-2018-q2-update.win32_1.0.0.201904181610/tools/bin/../lib/gcc/arm-none-eabi/7.3.1/../../../../arm-none-eabi/lib/thumb/v7-m/crt0.o (__libc_init_array)
c:/st/stm32cubeide_1.3.0/stm32cubeide/plugins/com.st.stm32cube.ide.mcu.externaltools.gnu-tools-for-stm32.7-2018-q2-update.win32_1.0.0.201904181610/tools/bin/../lib/gcc/arm-none-eabi/7.3.1/../../../../arm-none-eabi/lib/thumb/v7-m\libc_nano.a(lib_a-memcpy-stub.o)
                              Core/Inc/LCD_Driver.o (memcpy)
c:/st/stm32cubeide_1.3.0/stm32cubeide/plugins/com.st.stm32cube.ide.mcu.externaltools.gnu-tools-for-stm32.7-2018-q2-update.win32_1.0.0.201904181610/tools/bin/../lib/gcc/arm-none-eabi/7.3.1/../../../../arm-none-eabi/lib/thumb/v7-m\libc_nano.a(lib_a-memset.o)
                              c:/st/stm32cubeide_1.3.0/stm32cubeide/plugins/com.st.stm32cube.ide.mcu.externaltools.gnu-tools-for-stm32.7-2018-q2-update.win32_1.0.0.201904181610/tools/bin/../lib/gcc/arm-none-eabi/7.3.1/../../../../arm-none-eabi/lib/thumb/v7-m/crt0.o (memset)

Allocating common symbols
Common symbol       size              file

uwTick              0x4               Drivers/STM32F1xx_HAL_Driver/Src/stm32f1xx_hal.o
pFlash              0x20              Drivers/STM32F1xx_HAL_Driver/Src/stm32f1xx_hal_flash.o
hadc1               0x30              Core/Src/main.o
pressureThreshold   0x4               Core/Inc/Touch.o
hspi1               0x58              Core/Src/main.o

Discarded input sections

 .text          0x0000000000000000        0x0 c:/st/stm32cubeide_1.3.0/stm32cubeide/plugins/com.st.stm32cube.ide.mcu.externaltools.gnu-tools-for-stm32.7-2018-q2-update.win32_1.0.0.201904181610/tools/bin/../lib/gcc/arm-none-eabi/7.3.1/thumb/v7-m/crti.o
 .data          0x0000000000000000        0x0 c:/st/stm32cubeide_1.3.0/stm32cubeide/plugins/com.st.stm32cube.ide.mcu.externaltools.gnu-tools-for-stm32.7-2018-q2-update.win32_1.0.0.201904181610/tools/bin/../lib/gcc/arm-none-eabi/7.3.1/thumb/v7-m/crti.o
 .bss           0x0000000000000000        0x0 c:/st/stm32cubeide_1.3.0/stm32cubeide/plugins/com.st.stm32cube.ide.mcu.externaltools.gnu-tools-for-stm32.7-2018-q2-update.win32_1.0.0.201904181610/tools/bin/../lib/gcc/arm-none-eabi/7.3.1/thumb/v7-m/crti.o
 .data          0x0000000000000000        0x4 c:/st/stm32cubeide_1.3.0/stm32cubeide/plugins/com.st.stm32cube.ide.mcu.externaltools.gnu-tools-for-stm32.7-2018-q2-update.win32_1.0.0.201904181610/tools/bin/../lib/gcc/arm-none-eabi/7.3.1/thumb/v7-m/crtbegin.o
 .text          0x0000000000000000       0x74 c:/st/stm32cubeide_1.3.0/stm32cubeide/plugins/com.st.stm32cube.ide.mcu.externaltools.gnu-tools-for-stm32.7-2018-q2-update.win32_1.0.0.201904181610/tools/bin/../lib/gcc/arm-none-eabi/7.3.1/../../../../arm-none-eabi/lib/thumb/v7-m/crt0.o
 .data          0x0000000000000000        0x0 c:/st/stm32cubeide_1.3.0/stm32cubeide/plugins/com.st.stm32cube.ide.mcu.externaltools.gnu-tools-for-stm32.7-2018-q2-update.win32_1.0.0.201904181610/tools/bin/../lib/gcc/arm-none-eabi/7.3.1/../../../../arm-none-eabi/lib/thumb/v7-m/crt0.o
[...]
Memory Configuration

Name             Origin             Length             Attributes
RAM              0x0000000020000000 0x0000000000005000 xrw
FLASH            0x0000000008000000 0x0000000000020000 xr
*default*        0x0000000000000000 0xffffffffffffffff

Linker script and memory map

LOAD c:/st/stm32cubeide_1.3.0/stm32cubeide/plugins/com.st.stm32cube.ide.mcu.externaltools.gnu-tools-for-stm32.7-2018-q2-update.win32_1.0.0.201904181610/tools/bin/../lib/gcc/arm-none-eabi/7.3.1/thumb/v7-m/crti.o
LOAD c:/st/stm32cubeide_1.3.0/stm32cubeide/plugins/com.st.stm32cube.ide.mcu.externaltools.gnu-tools-for-stm32.7-2018-q2-update.win32_1.0.0.201904181610/tools/bin/../lib/gcc/arm-none-eabi/7.3.1/thumb/v7-m/crtbegin.o
LOAD c:/st/stm32cubeide_1.3.0/stm32cubeide/plugins/com.st.stm32cube.ide.mcu.externaltools.gnu-tools-for-stm32.7-2018-q2-update.win32_1.0.0.201904181610/tools/bin/../lib/gcc/arm-none-eabi/7.3.1/../../../../arm-none-eabi/lib/thumb/v7-m/crt0.o
LOAD Core/Inc/LCD_Driver.o
LOAD Core/Inc/Touch.o
LOAD Core/Src/main.o
LOAD Core/Src/stm32f1xx_hal_msp.o
LOAD Core/Src/stm32f1xx_it.o
LOAD Core/Src/syscalls.o
LOAD Core/Src/sysmem.o
LOAD Core/Src/system_stm32f1xx.o
LOAD Core/Startup/startup_stm32f103rbtx.o
LOAD Drivers/STM32F1xx_HAL_Driver/Src/stm32f1xx_hal.o
LOAD Drivers/STM32F1xx_HAL_Driver/Src/stm32f1xx_hal_adc.o
LOAD Drivers/STM32F1xx_HAL_Driver/Src/stm32f1xx_hal_adc_ex.o
LOAD Drivers/STM32F1xx_HAL_Driver/Src/stm32f1xx_hal_cortex.o
LOAD Drivers/STM32F1xx_HAL_Driver/Src/stm32f1xx_hal_dma.o
LOAD Drivers/STM32F1xx_HAL_Driver/Src/stm32f1xx_hal_exti.o
LOAD Drivers/STM32F1xx_HAL_Driver/Src/stm32f1xx_hal_flash.o
LOAD Drivers/STM32F1xx_HAL_Driver/Src/stm32f1xx_hal_flash_ex.o
LOAD Drivers/STM32F1xx_HAL_Driver/Src/stm32f1xx_hal_gpio.o
LOAD Drivers/STM32F1xx_HAL_Driver/Src/stm32f1xx_hal_gpio_ex.o
LOAD Drivers/STM32F1xx_HAL_Driver/Src/stm32f1xx_hal_pwr.o
LOAD Drivers/STM32F1xx_HAL_Driver/Src/stm32f1xx_hal_rcc.o
LOAD Drivers/STM32F1xx_HAL_Driver/Src/stm32f1xx_hal_rcc_ex.o
LOAD Drivers/STM32F1xx_HAL_Driver/Src/stm32f1xx_hal_spi.o
LOAD Drivers/STM32F1xx_HAL_Driver/Src/stm32f1xx_hal_tim.o
LOAD Drivers/STM32F1xx_HAL_Driver/Src/stm32f1xx_hal_tim_ex.o
START GROUP
LOAD c:/st/stm32cubeide_1.3.0/stm32cubeide/plugins/com.st.stm32cube.ide.mcu.externaltools.gnu-tools-for-stm32.7-2018-q2-update.win32_1.0.0.201904181610/tools/bin/../lib/gcc/arm-none-eabi/7.3.1/../../../../arm-none-eabi/lib/thumb/v7-m\libc_nano.a
LOAD c:/st/stm32cubeide_1.3.0/stm32cubeide/plugins/com.st.stm32cube.ide.mcu.externaltools.gnu-tools-for-stm32.7-2018-q2-update.win32_1.0.0.201904181610/tools/bin/../lib/gcc/arm-none-eabi/7.3.1/../../../../arm-none-eabi/lib/thumb/v7-m\libm.a
END GROUP
START GROUP
LOAD c:/st/stm32cubeide_1.3.0/stm32cubeide/plugins/com.st.stm32cube.ide.mcu.externaltools.gnu-tools-for-stm32.7-2018-q2-update.win32_1.0.0.201904181610/tools/bin/../lib/gcc/arm-none-eabi/7.3.1/thumb/v7-m\libgcc.a
LOAD c:/st/stm32cubeide_1.3.0/stm32cubeide/plugins/com.st.stm32cube.ide.mcu.externaltools.gnu-tools-for-stm32.7-2018-q2-update.win32_1.0.0.201904181610/tools/bin/../lib/gcc/arm-none-eabi/7.3.1/../../../../arm-none-eabi/lib/thumb/v7-m\libc_nano.a
END GROUP
START GROUP
LOAD c:/st/stm32cubeide_1.3.0/stm32cubeide/plugins/com.st.stm32cube.ide.mcu.externaltools.gnu-tools-for-stm32.7-2018-q2-update.win32_1.0.0.201904181610/tools/bin/../lib/gcc/arm-none-eabi/7.3.1/thumb/v7-m\libgcc.a
LOAD c:/st/stm32cubeide_1.3.0/stm32cubeide/plugins/com.st.stm32cube.ide.mcu.externaltools.gnu-tools-for-stm32.7-2018-q2-update.win32_1.0.0.201904181610/tools/bin/../lib/gcc/arm-none-eabi/7.3.1/../../../../arm-none-eabi/lib/thumb/v7-m\libc_nano.a
LOAD c:/st/stm32cubeide_1.3.0/stm32cubeide/plugins/com.st.stm32cube.ide.mcu.externaltools.gnu-tools-for-stm32.7-2018-q2-update.win32_1.0.0.201904181610/tools/bin/../lib/gcc/arm-none-eabi/7.3.1/../../../../arm-none-eabi/lib/thumb/v7-m\libnosys.a
END GROUP
START GROUP
LOAD c:/st/stm32cubeide_1.3.0/stm32cubeide/plugins/com.st.stm32cube.ide.mcu.externaltools.gnu-tools-for-stm32.7-2018-q2-update.win32_1.0.0.201904181610/tools/bin/../lib/gcc/arm-none-eabi/7.3.1/thumb/v7-m\libgcc.a
LOAD c:/st/stm32cubeide_1.3.0/stm32cubeide/plugins/com.st.stm32cube.ide.mcu.externaltools.gnu-tools-for-stm32.7-2018-q2-update.win32_1.0.0.201904181610/tools/bin/../lib/gcc/arm-none-eabi/7.3.1/../../../../arm-none-eabi/lib/thumb/v7-m\libc_nano.a
LOAD c:/st/stm32cubeide_1.3.0/stm32cubeide/plugins/com.st.stm32cube.ide.mcu.externaltools.gnu-tools-for-stm32.7-2018-q2-update.win32_1.0.0.201904181610/tools/bin/../lib/gcc/arm-none-eabi/7.3.1/../../../../arm-none-eabi/lib/thumb/v7-m\libnosys.a
END GROUP
LOAD c:/st/stm32cubeide_1.3.0/stm32cubeide/plugins/com.st.stm32cube.ide.mcu.externaltools.gnu-tools-for-stm32.7-2018-q2-update.win32_1.0.0.201904181610/tools/bin/../lib/gcc/arm-none-eabi/7.3.1/thumb/v7-m/crtend.o
LOAD c:/st/stm32cubeide_1.3.0/stm32cubeide/plugins/com.st.stm32cube.ide.mcu.externaltools.gnu-tools-for-stm32.7-2018-q2-update.win32_1.0.0.201904181610/tools/bin/../lib/gcc/arm-none-eabi/7.3.1/thumb/v7-m/crtn.o
                0x0000000020005000                _estack = (ORIGIN (RAM) + LENGTH (RAM))
                0x0000000000000200                _Min_Heap_Size = 0x200
                0x0000000000000400                _Min_Stack_Size = 0x400

.isr_vector     0x0000000008000000      0x10c
                0x0000000008000000                . = ALIGN (0x4)
 *(.isr_vector)
 .isr_vector    0x0000000008000000      0x10c Core/Startup/startup_stm32f103rbtx.o
                0x0000000008000000                g_pfnVectors
                0x000000000800010c                . = ALIGN (0x4)

.text           0x000000000800010c     0x2eb8
                0x000000000800010c                . = ALIGN (0x4)
 *(.text)
 .text          0x000000000800010c       0x40 c:/st/stm32cubeide_1.3.0/stm32cubeide/plugins/com.st.stm32cube.ide.mcu.externaltools.gnu-tools-for-stm32.7-2018-q2-update.win32_1.0.0.201904181610/tools/bin/../lib/gcc/arm-none-eabi/7.3.1/thumb/v7-m/crtbegin.o
 *(.text*)
 .text.LCD_SendCommand
                0x000000000800014c       0x68 Core/Inc/LCD_Driver.o
                0x000000000800014c                LCD_SendCommand
 .text.LCD_SendData
                0x00000000080001b4       0x68 Core/Inc/LCD_Driver.o
                0x00000000080001b4                LCD_SendData
 .text.LCD_SendDataMulti
                0x000000000800021c       0x68 Core/Inc/LCD_Driver.o
                0x000000000800021c                LCD_SendDataMulti
 .text.LCD_SetCursorPosition
                0x0000000008000284       0x98 Core/Inc/LCD_Driver.o
                0x0000000008000284                LCD_SetCursorPosition
 .text.LCD_Init
                0x000000000800031c      0x2ac Core/Inc/LCD_Driver.o
                0x000000000800031c                LCD_Init
 .text.LCD_DrawPixel
                0x00000000080005c8       0x3e Core/Inc/LCD_Driver.o
                0x00000000080005c8                LCD_DrawPixel
 *fill*         0x0000000008000606        0x2 
 .text.LCD_Fill
                0x0000000008000608       0x88 Core/Inc/LCD_Driver.o
                0x0000000008000608                LCD_Fill
 .text.LCD_drawCircle
                0x0000000008000690      0x1a6 Core/Inc/LCD_Driver.o
                0x0000000008000690                LCD_drawCircle
 *fill*         0x0000000008000836        0x2 
 .text.LCD_setRotation
                0x0000000008000838       0x98 Core/Inc/LCD_Driver.o
                0x0000000008000838                LCD_setRotation
 .text.map      0x00000000080008d0       0x36 Core/Inc/Touch.o
                0x00000000080008d0                map
 *fill*         0x0000000008000906        0x2 
 .text.Touch_Init
                0x0000000008000908       0x20 Core/Inc/Touch.o
                0x0000000008000908                Touch_Init
 .text.setupForReadY
                0x0000000008000928       0xd8 Core/Inc/Touch.o
                0x0000000008000928                setupForReadY
 .text.setupForReadX
                0x0000000008000a00       0xd8 Core/Inc/Touch.o
                0x0000000008000a00                setupForReadX
 .text.readChannelXMin
                0x0000000008000ad8       0x58 Core/Inc/Touch.o
                0x0000000008000ad8                readChannelXMin
 .text.readTouchY
                0x0000000008000b30       0x2a Core/Inc/Touch.o
                0x0000000008000b30                readTouchY
 *fill*         0x0000000008000b5a        0x2 
 .text.readChannelYPlus
                0x0000000008000b5c       0x58 Core/Inc/Touch.o
                0x0000000008000b5c                readChannelYPlus
 .text.readTouchX
                0x0000000008000bb4       0x2a Core/Inc/Touch.o
                0x0000000008000bb4                readTouchX
 *fill*         0x0000000008000bde        0x2 
 .text.main     0x0000000008000be0       0x8c Core/Src/main.o
                0x0000000008000be0                main
 .text.SystemClock_Config
                0x0000000008000c6c       0xb6 Core/Src/main.o
                0x0000000008000c6c                SystemClock_Config
 *fill*         0x0000000008000d22        0x2 
 .text.MX_ADC1_Init
                0x0000000008000d24       0x7c Core/Src/main.o
 .text.MX_SPI1_Init
                0x0000000008000da0       0x6c Core/Src/main.o
 .text.MX_GPIO_Init
                0x0000000008000e0c      0x150 Core/Src/main.o
 .text.Error_Handler
                0x0000000008000f5c        0xc Core/Src/main.o
                0x0000000008000f5c                Error_Handler
 .text.HAL_MspInit
                0x0000000008000f68       0x64 Core/Src/stm32f1xx_hal_msp.o
                0x0000000008000f68                HAL_MspInit
 .text.HAL_ADC_MspInit
                0x0000000008000fcc       0x78 Core/Src/stm32f1xx_hal_msp.o
                0x0000000008000fcc                HAL_ADC_MspInit
 .text.HAL_SPI_MspInit
                0x0000000008001044       0x94 Core/Src/stm32f1xx_hal_msp.o
                0x0000000008001044                HAL_SPI_MspInit
 .text.NMI_Handler
                0x00000000080010d8        0xc Core/Src/stm32f1xx_it.o
                0x00000000080010d8                NMI_Handler
 .text.HardFault_Handler
                0x00000000080010e4        0x6 Core/Src/stm32f1xx_it.o
                0x00000000080010e4                HardFault_Handler
 .text.MemManage_Handler
                0x00000000080010ea        0x6 Core/Src/stm32f1xx_it.o
                0x00000000080010ea                MemManage_Handler
 .text.BusFault_Handler
                0x00000000080010f0        0x6 Core/Src/stm32f1xx_it.o
                0x00000000080010f0                BusFault_Handler
 .text.UsageFault_Handler
                0x00000000080010f6        0x6 Core/Src/stm32f1xx_it.o
                0x00000000080010f6                UsageFault_Handler
 .text.SVC_Handler
                0x00000000080010fc        0xc Core/Src/stm32f1xx_it.o
                0x00000000080010fc                SVC_Handler
 .text.DebugMon_Handler
                0x0000000008001108        0xc Core/Src/stm32f1xx_it.o
                0x0000000008001108                DebugMon_Handler
 .text.PendSV_Handler
                0x0000000008001114        0xc Core/Src/stm32f1xx_it.o
                0x0000000008001114                PendSV_Handler
 .text.SysTick_Handler
                0x0000000008001120        0xc Core/Src/stm32f1xx_it.o
                0x0000000008001120                SysTick_Handler
 .text.SystemInit
                0x000000000800112c       0x68 Core/Src/system_stm32f1xx.o
                0x000000000800112c                SystemInit
 .text.Reset_Handler
                0x0000000008001194       0x48 Core/Startup/startup_stm32f103rbtx.o
                0x0000000008001194                Reset_Handler
 .text.Default_Handler
                0x00000000080011dc        0x2 Core/Startup/startup_stm32f103rbtx.o
                0x00000000080011dc                RTC_Alarm_IRQHandler
                0x00000000080011dc                EXTI2_IRQHandler
                0x00000000080011dc                TIM1_CC_IRQHandler
                0x00000000080011dc                PVD_IRQHandler
                0x00000000080011dc                EXTI3_IRQHandler
                0x00000000080011dc                EXTI0_IRQHandler
                0x00000000080011dc                I2C2_EV_IRQHandler
                0x00000000080011dc                ADC1_2_IRQHandler
                0x00000000080011dc                SPI1_IRQHandler
                0x00000000080011dc                TAMPER_IRQHandler
                0x00000000080011dc                DMA1_Channel4_IRQHandler
                0x00000000080011dc                USART3_IRQHandler
                0x00000000080011dc                RTC_IRQHandler
                0x00000000080011dc                DMA1_Channel7_IRQHandler
                0x00000000080011dc                CAN1_RX1_IRQHandler
                0x00000000080011dc                TIM4_IRQHandler
                0x00000000080011dc                I2C1_EV_IRQHandler
                0x00000000080011dc                DMA1_Channel6_IRQHandler
                0x00000000080011dc                TIM3_IRQHandler
                0x00000000080011dc                RCC_IRQHandler
                0x00000000080011dc                TIM1_TRG_COM_IRQHandler
                0x00000000080011dc                DMA1_Channel1_IRQHandler
                0x00000000080011dc                Default_Handler
                0x00000000080011dc                EXTI15_10_IRQHandler
                0x00000000080011dc                EXTI9_5_IRQHandler
                0x00000000080011dc                SPI2_IRQHandler
                0x00000000080011dc                DMA1_Channel5_IRQHandler
                0x00000000080011dc                EXTI4_IRQHandler
                0x00000000080011dc                USB_LP_CAN1_RX0_IRQHandler
                0x00000000080011dc                USB_HP_CAN1_TX_IRQHandler
                0x00000000080011dc                DMA1_Channel3_IRQHandler
                0x00000000080011dc                TIM1_UP_IRQHandler
                0x00000000080011dc                WWDG_IRQHandler
                0x00000000080011dc                TIM2_IRQHandler
                0x00000000080011dc                TIM1_BRK_IRQHandler
                0x00000000080011dc                EXTI1_IRQHandler
                0x00000000080011dc                USART2_IRQHandler
                0x00000000080011dc                I2C2_ER_IRQHandler
                0x00000000080011dc                DMA1_Channel2_IRQHandler
                0x00000000080011dc                CAN1_SCE_IRQHandler
                0x00000000080011dc                FLASH_IRQHandler
                0x00000000080011dc                USART1_IRQHandler
                0x00000000080011dc                I2C1_ER_IRQHandler
                0x00000000080011dc                USBWakeUp_IRQHandler
 *fill*         0x00000000080011de        0x2 
 .text.HAL_Init
                0x00000000080011e0       0x2c Drivers/STM32F1xx_HAL_Driver/Src/stm32f1xx_hal.o
                0x00000000080011e0                HAL_Init
 .text.HAL_InitTick
                0x000000000800120c       0x60 Drivers/STM32F1xx_HAL_Driver/Src/stm32f1xx_hal.o
                0x000000000800120c                HAL_InitTick
 .text.HAL_IncTick
                0x000000000800126c       0x24 Drivers/STM32F1xx_HAL_Driver/Src/stm32f1xx_hal.o
                0x000000000800126c                HAL_IncTick
 .text.HAL_GetTick
                0x0000000008001290       0x14 Drivers/STM32F1xx_HAL_Driver/Src/stm32f1xx_hal.o
                0x0000000008001290                HAL_GetTick
 .text.HAL_Delay
                0x00000000080012a4       0x44 Drivers/STM32F1xx_HAL_Driver/Src/stm32f1xx_hal.o
                0x00000000080012a4                HAL_Delay
 .text.HAL_ADC_Init
                0x00000000080012e8      0x1b0 Drivers/STM32F1xx_HAL_Driver/Src/stm32f1xx_hal_adc.o
                0x00000000080012e8                HAL_ADC_Init
 .text.HAL_ADC_Start
                0x0000000008001498      0x15c Drivers/STM32F1xx_HAL_Driver/Src/stm32f1xx_hal_adc.o
                0x0000000008001498                HAL_ADC_Start
 .text.HAL_ADC_Stop
                0x00000000080015f4       0x58 Drivers/STM32F1xx_HAL_Driver/Src/stm32f1xx_hal_adc.o
                0x00000000080015f4                HAL_ADC_Stop
 .text.HAL_ADC_PollForConversion
                0x000000000800164c      0x1f4 Drivers/STM32F1xx_HAL_Driver/Src/stm32f1xx_hal_adc.o
                0x000000000800164c                HAL_ADC_PollForConversion
 .text.HAL_ADC_GetValue
                0x0000000008001840       0x18 Drivers/STM32F1xx_HAL_Driver/Src/stm32f1xx_hal_adc.o
                0x0000000008001840                HAL_ADC_GetValue
 .text.HAL_ADC_ConfigChannel
                0x0000000008001858      0x1f0 Drivers/STM32F1xx_HAL_Driver/Src/stm32f1xx_hal_adc.o
                0x0000000008001858                HAL_ADC_ConfigChannel
 .text.ADC_Enable
                0x0000000008001a48       0xa4 Drivers/STM32F1xx_HAL_Driver/Src/stm32f1xx_hal_adc.o
                0x0000000008001a48                ADC_Enable
 .text.ADC_ConversionStop_Disable
                0x0000000008001aec       0x74 Drivers/STM32F1xx_HAL_Driver/Src/stm32f1xx_hal_adc.o
                0x0000000008001aec                ADC_ConversionStop_Disable
 .text.__NVIC_SetPriorityGrouping
                0x0000000008001b60       0x48 Drivers/STM32F1xx_HAL_Driver/Src/stm32f1xx_hal_cortex.o
 .text.__NVIC_GetPriorityGrouping
                0x0000000008001ba8       0x1c Drivers/STM32F1xx_HAL_Driver/Src/stm32f1xx_hal_cortex.o
 .text.__NVIC_SetPriority
                0x0000000008001bc4       0x54 Drivers/STM32F1xx_HAL_Driver/Src/stm32f1xx_hal_cortex.o
 .text.NVIC_EncodePriority
                0x0000000008001c18       0x64 Drivers/STM32F1xx_HAL_Driver/Src/stm32f1xx_hal_cortex.o
 .text.SysTick_Config
                0x0000000008001c7c       0x44 Drivers/STM32F1xx_HAL_Driver/Src/stm32f1xx_hal_cortex.o
 .text.HAL_NVIC_SetPriorityGrouping
                0x0000000008001cc0       0x16 Drivers/STM32F1xx_HAL_Driver/Src/stm32f1xx_hal_cortex.o
                0x0000000008001cc0                HAL_NVIC_SetPriorityGrouping
 .text.HAL_NVIC_SetPriority
                0x0000000008001cd6       0x38 Drivers/STM32F1xx_HAL_Driver/Src/stm32f1xx_hal_cortex.o
                0x0000000008001cd6                HAL_NVIC_SetPriority
 .text.HAL_SYSTICK_Config
                0x0000000008001d0e       0x18 Drivers/STM32F1xx_HAL_Driver/Src/stm32f1xx_hal_cortex.o
                0x0000000008001d0e                HAL_SYSTICK_Config
 *fill*         0x0000000008001d26        0x2 
 .text.HAL_GPIO_Init
                0x0000000008001d28      0x2b4 Drivers/STM32F1xx_HAL_Driver/Src/stm32f1xx_hal_gpio.o
                0x0000000008001d28                HAL_GPIO_Init
 .text.HAL_GPIO_WritePin
                0x0000000008001fdc       0x30 Drivers/STM32F1xx_HAL_Driver/Src/stm32f1xx_hal_gpio.o
                0x0000000008001fdc                HAL_GPIO_WritePin
 .text.HAL_RCC_OscConfig
                0x000000000800200c      0x500 Drivers/STM32F1xx_HAL_Driver/Src/stm32f1xx_hal_rcc.o
                0x000000000800200c                HAL_RCC_OscConfig
 .text.HAL_RCC_ClockConfig
                0x000000000800250c      0x1d4 Drivers/STM32F1xx_HAL_Driver/Src/stm32f1xx_hal_rcc.o
                0x000000000800250c                HAL_RCC_ClockConfig
 .text.HAL_RCC_GetSysClockFreq
                0x00000000080026e0       0xc4 Drivers/STM32F1xx_HAL_Driver/Src/stm32f1xx_hal_rcc.o
                0x00000000080026e0                HAL_RCC_GetSysClockFreq
 .text.HAL_RCC_GetHCLKFreq
                0x00000000080027a4       0x14 Drivers/STM32F1xx_HAL_Driver/Src/stm32f1xx_hal_rcc.o
                0x00000000080027a4                HAL_RCC_GetHCLKFreq
 .text.HAL_RCC_GetPCLK2Freq
                0x00000000080027b8       0x28 Drivers/STM32F1xx_HAL_Driver/Src/stm32f1xx_hal_rcc.o
                0x00000000080027b8                HAL_RCC_GetPCLK2Freq
 .text.RCC_Delay
                0x00000000080027e0       0x3c Drivers/STM32F1xx_HAL_Driver/Src/stm32f1xx_hal_rcc.o
 .text.HAL_RCCEx_PeriphCLKConfig
                0x000000000800281c      0x16c Drivers/STM32F1xx_HAL_Driver/Src/stm32f1xx_hal_rcc_ex.o
                0x000000000800281c                HAL_RCCEx_PeriphCLKConfig
 .text.HAL_RCCEx_GetPeriphCLKFreq
                0x0000000008002988      0x178 Drivers/STM32F1xx_HAL_Driver/Src/stm32f1xx_hal_rcc_ex.o
                0x0000000008002988                HAL_RCCEx_GetPeriphCLKFreq
 .text.HAL_SPI_Init
                0x0000000008002b00       0xc2 Drivers/STM32F1xx_HAL_Driver/Src/stm32f1xx_hal_spi.o
                0x0000000008002b00                HAL_SPI_Init
 .text.HAL_SPI_Transmit
                0x0000000008002bc2      0x268 Drivers/STM32F1xx_HAL_Driver/Src/stm32f1xx_hal_spi.o
                0x0000000008002bc2                HAL_SPI_Transmit
 .text.SPI_WaitFlagStateUntilTimeout
                0x0000000008002e2a       0xd4 Drivers/STM32F1xx_HAL_Driver/Src/stm32f1xx_hal_spi.o
 .text.SPI_EndRxTxTransaction
                0x0000000008002efe       0x3c Drivers/STM32F1xx_HAL_Driver/Src/stm32f1xx_hal_spi.o
 *fill*         0x0000000008002f3a        0x2 
 .text.__libc_init_array
                0x0000000008002f3c       0x48 c:/st/stm32cubeide_1.3.0/stm32cubeide/plugins/com.st.stm32cube.ide.mcu.externaltools.gnu-tools-for-stm32.7-2018-q2-update.win32_1.0.0.201904181610/tools/bin/../lib/gcc/arm-none-eabi/7.3.1/../../../../arm-none-eabi/lib/thumb/v7-m\libc_nano.a(lib_a-init.o)
                0x0000000008002f3c                __libc_init_array
 .text.memcpy   0x0000000008002f84       0x16 c:/st/stm32cubeide_1.3.0/stm32cubeide/plugins/com.st.stm32cube.ide.mcu.externaltools.gnu-tools-for-stm32.7-2018-q2-update.win32_1.0.0.201904181610/tools/bin/../lib/gcc/arm-none-eabi/7.3.1/../../../../arm-none-eabi/lib/thumb/v7-m\libc_nano.a(lib_a-memcpy-stub.o)
                0x0000000008002f84                memcpy
 .text.memset   0x0000000008002f9a       0x10 c:/st/stm32cubeide_1.3.0/stm32cubeide/plugins/com.st.stm32cube.ide.mcu.externaltools.gnu-tools-for-stm32.7-2018-q2-update.win32_1.0.0.201904181610/tools/bin/../lib/gcc/arm-none-eabi/7.3.1/../../../../arm-none-eabi/lib/thumb/v7-m\libc_nano.a(lib_a-memset.o)
                0x0000000008002f9a                memset
 *(.glue_7)
 .glue_7        0x0000000008002faa        0x0 linker stubs
 *(.glue_7t)
 .glue_7t       0x0000000008002faa        0x0 linker stubs
 *(.eh_frame)
 *fill*         0x0000000008002faa        0x2 
 .eh_frame      0x0000000008002fac        0x0 c:/st/stm32cubeide_1.3.0/stm32cubeide/plugins/com.st.stm32cube.ide.mcu.externaltools.gnu-tools-for-stm32.7-2018-q2-update.win32_1.0.0.201904181610/tools/bin/../lib/gcc/arm-none-eabi/7.3.1/thumb/v7-m/crtbegin.o
 *(.init)
 .init          0x0000000008002fac        0x4 c:/st/stm32cubeide_1.3.0/stm32cubeide/plugins/com.st.stm32cube.ide.mcu.externaltools.gnu-tools-for-stm32.7-2018-q2-update.win32_1.0.0.201904181610/tools/bin/../lib/gcc/arm-none-eabi/7.3.1/thumb/v7-m/crti.o
                0x0000000008002fac                _init
 .init          0x0000000008002fb0        0x8 c:/st/stm32cubeide_1.3.0/stm32cubeide/plugins/com.st.stm32cube.ide.mcu.externaltools.gnu-tools-for-stm32.7-2018-q2-update.win32_1.0.0.201904181610/tools/bin/../lib/gcc/arm-none-eabi/7.3.1/thumb/v7-m/crtn.o
 *(.fini)
 .fini          0x0000000008002fb8        0x4 c:/st/stm32cubeide_1.3.0/stm32cubeide/plugins/com.st.stm32cube.ide.mcu.externaltools.gnu-tools-for-stm32.7-2018-q2-update.win32_1.0.0.201904181610/tools/bin/../lib/gcc/arm-none-eabi/7.3.1/thumb/v7-m/crti.o
                0x0000000008002fb8                _fini
 .fini          0x0000000008002fbc        0x8 c:/st/stm32cubeide_1.3.0/stm32cubeide/plugins/com.st.stm32cube.ide.mcu.externaltools.gnu-tools-for-stm32.7-2018-q2-update.win32_1.0.0.201904181610/tools/bin/../lib/gcc/arm-none-eabi/7.3.1/thumb/v7-m/crtn.o
                0x0000000008002fc4                . = ALIGN (0x4)
                0x0000000008002fc4                _etext = .

.vfp11_veneer   0x0000000008002fc4        0x0
 .vfp11_veneer  0x0000000008002fc4        0x0 linker stubs

.v4_bx          0x0000000008002fc4        0x0
 .v4_bx         0x0000000008002fc4        0x0 linker stubs

.iplt           0x0000000008002fc4        0x0
 .iplt          0x0000000008002fc4        0x0 c:/st/stm32cubeide_1.3.0/stm32cubeide/plugins/com.st.stm32cube.ide.mcu.externaltools.gnu-tools-for-stm32.7-2018-q2-update.win32_1.0.0.201904181610/tools/bin/../lib/gcc/arm-none-eabi/7.3.1/thumb/v7-m/crtbegin.o

.rodata         0x0000000008002fc4       0x40
                0x0000000008002fc4                . = ALIGN (0x4)
 *(.rodata)
 .rodata        0x0000000008002fc4       0x12 Drivers/STM32F1xx_HAL_Driver/Src/stm32f1xx_hal_rcc.o
 *fill*         0x0000000008002fd6        0x2 
 .rodata        0x0000000008002fd8       0x12 Drivers/STM32F1xx_HAL_Driver/Src/stm32f1xx_hal_rcc_ex.o
 *(.rodata*)
 *fill*         0x0000000008002fea        0x2 
 .rodata.AHBPrescTable
                0x0000000008002fec       0x10 Core/Src/system_stm32f1xx.o
                0x0000000008002fec                AHBPrescTable
 .rodata.APBPrescTable
                0x0000000008002ffc        0x8 Core/Src/system_stm32f1xx.o
                0x0000000008002ffc                APBPrescTable
                0x0000000008003004                . = ALIGN (0x4)

.rel.dyn        0x0000000008003004        0x0
 .rel.iplt      0x0000000008003004        0x0 c:/st/stm32cubeide_1.3.0/stm32cubeide/plugins/com.st.stm32cube.ide.mcu.externaltools.gnu-tools-for-stm32.7-2018-q2-update.win32_1.0.0.201904181610/tools/bin/../lib/gcc/arm-none-eabi/7.3.1/thumb/v7-m/crtbegin.o

.ARM.extab      0x0000000008003004        0x0
                0x0000000008003004                . = ALIGN (0x4)
 *(.ARM.extab* .gnu.linkonce.armextab.*)
                0x0000000008003004                . = ALIGN (0x4)

.ARM            0x0000000008003004        0x0
                0x0000000008003004                . = ALIGN (0x4)
                0x0000000008003004                __exidx_start = .
 *(.ARM.exidx*)
                0x0000000008003004                __exidx_end = .
                0x0000000008003004                . = ALIGN (0x4)

.preinit_array  0x0000000008003004        0x0
                0x0000000008003004                . = ALIGN (0x4)
                0x0000000008003004                PROVIDE (__preinit_array_start = .)
 *(.preinit_array*)
                0x0000000008003004                PROVIDE (__preinit_array_end = .)
                0x0000000008003004                . = ALIGN (0x4)

.init_array     0x0000000008003004        0x4
                0x0000000008003004                . = ALIGN (0x4)
                0x0000000008003004                PROVIDE (__init_array_start = .)
 *(SORT_BY_NAME(.init_array.*))
 *(.init_array*)
 .init_array    0x0000000008003004        0x4 c:/st/stm32cubeide_1.3.0/stm32cubeide/plugins/com.st.stm32cube.ide.mcu.externaltools.gnu-tools-for-stm32.7-2018-q2-update.win32_1.0.0.201904181610/tools/bin/../lib/gcc/arm-none-eabi/7.3.1/thumb/v7-m/crtbegin.o
                0x0000000008003008                PROVIDE (__init_array_end = .)
                0x0000000008003008                . = ALIGN (0x4)

.fini_array     0x0000000008003008        0x4
                0x0000000008003008                . = ALIGN (0x4)
                [!provide]                        PROVIDE (__fini_array_start = .)
 *(SORT_BY_NAME(.fini_array.*))
 *(.fini_array*)
 .fini_array    0x0000000008003008        0x4 c:/st/stm32cubeide_1.3.0/stm32cubeide/plugins/com.st.stm32cube.ide.mcu.externaltools.gnu-tools-for-stm32.7-2018-q2-update.win32_1.0.0.201904181610/tools/bin/../lib/gcc/arm-none-eabi/7.3.1/thumb/v7-m/crtbegin.o
                [!provide]                        PROVIDE (__fini_array_end = .)
                0x000000000800300c                . = ALIGN (0x4)
                0x000000000800300c                _sidata = LOADADDR (.data)

.data           0x0000000020000000       0x28 load address 0x000000000800300c
                0x0000000020000000                . = ALIGN (0x4)
                0x0000000020000000                _sdata = .
 *(.data)
 *(.data*)
 .data.rotationNum
                0x0000000020000000        0x1 Core/Inc/LCD_Driver.o
 *fill*         0x0000000020000001        0x3 
 .data.ym       0x0000000020000004        0x4 Core/Inc/Touch.o
 .data.xm       0x0000000020000008        0x4 Core/Inc/Touch.o
 .data.yp       0x000000002000000c        0x4 Core/Inc/Touch.o
 .data.xp       0x0000000020000010        0x4 Core/Inc/Touch.o
 .data.ym_PIN   0x0000000020000014        0x2 Core/Inc/Touch.o
 .data.xm_PIN   0x0000000020000016        0x2 Core/Inc/Touch.o
 .data.yp_PIN   0x0000000020000018        0x2 Core/Inc/Touch.o
 .data.xp_PIN   0x000000002000001a        0x2 Core/Inc/Touch.o
 .data.SystemCoreClock
                0x000000002000001c        0x4 Core/Src/system_stm32f1xx.o
                0x000000002000001c                SystemCoreClock
 .data.uwTickPrio
                0x0000000020000020        0x4 Drivers/STM32F1xx_HAL_Driver/Src/stm32f1xx_hal.o
                0x0000000020000020                uwTickPrio
 .data.uwTickFreq
                0x0000000020000024        0x1 Drivers/STM32F1xx_HAL_Driver/Src/stm32f1xx_hal.o
                0x0000000020000024                uwTickFreq
                0x0000000020000028                . = ALIGN (0x4)
 *fill*         0x0000000020000025        0x3 
                0x0000000020000028                _edata = .

.igot.plt       0x0000000020000028        0x0 load address 0x0000000008003034
 .igot.plt      0x0000000020000028        0x0 c:/st/stm32cubeide_1.3.0/stm32cubeide/plugins/com.st.stm32cube.ide.mcu.externaltools.gnu-tools-for-stm32.7-2018-q2-update.win32_1.0.0.201904181610/tools/bin/../lib/gcc/arm-none-eabi/7.3.1/thumb/v7-m/crtbegin.o
                0x0000000020000028                . = ALIGN (0x4)

.bss            0x0000000020000028      0x148 load address 0x0000000008003034
                0x0000000020000028                _sbss = .
                0x0000000020000028                __bss_start__ = _sbss
 *(.bss)
 .bss           0x0000000020000028       0x1c c:/st/stm32cubeide_1.3.0/stm32cubeide/plugins/com.st.stm32cube.ide.mcu.externaltools.gnu-tools-for-stm32.7-2018-q2-update.win32_1.0.0.201904181610/tools/bin/../lib/gcc/arm-none-eabi/7.3.1/thumb/v7-m/crtbegin.o
 *(.bss*)
 .bss.lcdSPIhandle
                0x0000000020000044       0x58 Core/Inc/LCD_Driver.o
 .bss.tftCS_GPIO
                0x000000002000009c        0x4 Core/Inc/LCD_Driver.o
 .bss.tftCS_PIN
                0x00000000200000a0        0x2 Core/Inc/LCD_Driver.o
 *fill*         0x00000000200000a2        0x2 
 .bss.tftDC_GPIO
                0x00000000200000a4        0x4 Core/Inc/LCD_Driver.o
 .bss.tftDC_PIN
                0x00000000200000a8        0x2 Core/Inc/LCD_Driver.o
 *fill*         0x00000000200000aa        0x2 
 .bss.tftRESET_GPIO
                0x00000000200000ac        0x4 Core/Inc/LCD_Driver.o
 .bss.tftRESET_PIN
                0x00000000200000b0        0x2 Core/Inc/LCD_Driver.o
 *fill*         0x00000000200000b2        0x2 
 .bss.adcHandle
                0x00000000200000b4       0x30 Core/Inc/Touch.o
 *(COMMON)
 COMMON         0x00000000200000e4       0x88 Core/Src/main.o
                0x00000000200000e4                hadc1
                0x0000000020000114                hspi1
 COMMON         0x000000002000016c        0x4 Drivers/STM32F1xx_HAL_Driver/Src/stm32f1xx_hal.o
                0x000000002000016c                uwTick
                0x0000000020000170                . = ALIGN (0x4)
                0x0000000020000170                _ebss = .
                0x0000000020000170                __bss_end__ = _ebss

._user_heap_stack
                0x0000000020000170      0x600 load address 0x0000000008003034
                0x0000000020000170                . = ALIGN (0x8)
                0x0000000020000170                PROVIDE (end = .)
                [!provide]                        PROVIDE (_end = .)
                0x0000000020000370                . = (. + _Min_Heap_Size)
 *fill*         0x0000000020000170      0x200 
                0x0000000020000770                . = (. + _Min_Stack_Size)
 *fill*         0x0000000020000370      0x400 
                0x0000000020000770                . = ALIGN (0x8)

/DISCARD/
 libc.a(*)
 libm.a(*)
 libgcc.a(*)

.ARM.attributes
                0x0000000000000000       0x29
 *(.ARM.attributes)
 .ARM.attributes
                0x0000000000000000       0x1d c:/st/stm32cubeide_1.3.0/stm32cubeide/plugins/com.st.stm32cube.ide.mcu.externaltools.gnu-tools-for-stm32.7-2018-q2-update.win32_1.0.0.201904181610/tools/bin/../lib/gcc/arm-none-eabi/7.3.1/thumb/v7-m/crti.o
 .ARM.attributes
                0x000000000000001d       0x2d c:/st/stm32cubeide_1.3.0/stm32cubeide/plugins/com.st.stm32cube.ide.mcu.externaltools.gnu-tools-for-stm32.7-2018-q2-update.win32_1.0.0.201904181610/tools/bin/../lib/gcc/arm-none-eabi/7.3.1/thumb/v7-m/crtbegin.o
 .ARM.attributes
                0x000000000000004a       0x33 Core/Inc/LCD_Driver.o
 .ARM.attributes
                0x000000000000007d       0x33 Core/Inc/Touch.o
 .ARM.attributes
                0x00000000000000b0       0x33 Core/Src/main.o
 .ARM.attributes
                0x00000000000000e3       0x33 Core/Src/stm32f1xx_hal_msp.o
 .ARM.attributes
                0x0000000000000116       0x33 Core/Src/stm32f1xx_it.o
 .ARM.attributes
                0x0000000000000149       0x33 Core/Src/system_stm32f1xx.o
 .ARM.attributes
                0x000000000000017c       0x21 Core/Startup/startup_stm32f103rbtx.o
 .ARM.attributes
                0x000000000000019d       0x33 Drivers/STM32F1xx_HAL_Driver/Src/stm32f1xx_hal.o
 .ARM.attributes
                0x00000000000001d0       0x33 Drivers/STM32F1xx_HAL_Driver/Src/stm32f1xx_hal_adc.o
 .ARM.attributes
                0x0000000000000203       0x33 Drivers/STM32F1xx_HAL_Driver/Src/stm32f1xx_hal_cortex.o
 .ARM.attributes
                0x0000000000000236       0x33 Drivers/STM32F1xx_HAL_Driver/Src/stm32f1xx_hal_gpio.o
 .ARM.attributes
                0x0000000000000269       0x33 Drivers/STM32F1xx_HAL_Driver/Src/stm32f1xx_hal_rcc.o
 .ARM.attributes
                0x000000000000029c       0x33 Drivers/STM32F1xx_HAL_Driver/Src/stm32f1xx_hal_rcc_ex.o
 .ARM.attributes
                0x00000000000002cf       0x33 Drivers/STM32F1xx_HAL_Driver/Src/stm32f1xx_hal_spi.o
 .ARM.attributes
                0x0000000000000302       0x2d c:/st/stm32cubeide_1.3.0/stm32cubeide/plugins/com.st.stm32cube.ide.mcu.externaltools.gnu-tools-for-stm32.7-2018-q2-update.win32_1.0.0.201904181610/tools/bin/../lib/gcc/arm-none-eabi/7.3.1/../../../../arm-none-eabi/lib/thumb/v7-m\libc_nano.a(lib_a-init.o)
 .ARM.attributes
                0x000000000000032f       0x2d c:/st/stm32cubeide_1.3.0/stm32cubeide/plugins/com.st.stm32cube.ide.mcu.externaltools.gnu-tools-for-stm32.7-2018-q2-update.win32_1.0.0.201904181610/tools/bin/../lib/gcc/arm-none-eabi/7.3.1/../../../../arm-none-eabi/lib/thumb/v7-m\libc_nano.a(lib_a-memcpy-stub.o)
 .ARM.attributes
                0x000000000000035c       0x2d c:/st/stm32cubeide_1.3.0/stm32cubeide/plugins/com.st.stm32cube.ide.mcu.externaltools.gnu-tools-for-stm32.7-2018-q2-update.win32_1.0.0.201904181610/tools/bin/../lib/gcc/arm-none-eabi/7.3.1/../../../../arm-none-eabi/lib/thumb/v7-m\libc_nano.a(lib_a-memset.o)
 .ARM.attributes
                0x0000000000000389       0x1d c:/st/stm32cubeide_1.3.0/stm32cubeide/plugins/com.st.stm32cube.ide.mcu.externaltools.gnu-tools-for-stm32.7-2018-q2-update.win32_1.0.0.201904181610/tools/bin/../lib/gcc/arm-none-eabi/7.3.1/thumb/v7-m/crtn.o
OUTPUT(lab.elf elf32-littlearm)

.debug_info     0x0000000000000000     0x986a
 .debug_info    0x0000000000000000     0x1883 Core/Inc/LCD_Driver.o
 .debug_info    0x0000000000001883     0x10ea Core/Inc/Touch.o
 .debug_info    0x000000000000296d     0x172d Core/Src/main.o
 .debug_info    0x000000000000409a      0xb08 Core/Src/stm32f1xx_hal_msp.o
 .debug_info    0x0000000000004ba2      0x1f6 Core/Src/stm32f1xx_it.o
 .debug_info    0x0000000000004d98      0x42f Core/Src/system_stm32f1xx.o
 .debug_info    0x00000000000051c7       0x22 Core/Startup/startup_stm32f103rbtx.o
 .debug_info    0x00000000000051e9      0x6fa Drivers/STM32F1xx_HAL_Driver/Src/stm32f1xx_hal.o
 .debug_info    0x00000000000058e3      0xc5d Drivers/STM32F1xx_HAL_Driver/Src/stm32f1xx_hal_adc.o
 .debug_info    0x0000000000006540      0xb42 Drivers/STM32F1xx_HAL_Driver/Src/stm32f1xx_hal_cortex.o
 .debug_info    0x0000000000007082      0x67d Drivers/STM32F1xx_HAL_Driver/Src/stm32f1xx_hal_gpio.o
 .debug_info    0x00000000000076ff      0x800 Drivers/STM32F1xx_HAL_Driver/Src/stm32f1xx_hal_rcc.o
 .debug_info    0x0000000000007eff      0x435 Drivers/STM32F1xx_HAL_Driver/Src/stm32f1xx_hal_rcc_ex.o
 .debug_info    0x0000000000008334     0x1536 Drivers/STM32F1xx_HAL_Driver/Src/stm32f1xx_hal_spi.o

.debug_abbrev   0x0000000000000000     0x19a4
 .debug_abbrev  0x0000000000000000      0x29e Core/Inc/LCD_Driver.o
 .debug_abbrev  0x000000000000029e      0x252 Core/Inc/Touch.o
 .debug_abbrev  0x00000000000004f0      0x300 Core/Src/main.o
 .debug_abbrev  0x00000000000007f0      0x189 Core/Src/stm32f1xx_hal_msp.o
 .debug_abbrev  0x0000000000000979       0xc3 Core/Src/stm32f1xx_it.o
 .debug_abbrev  0x0000000000000a3c      0x131 Core/Src/system_stm32f1xx.o
 .debug_abbrev  0x0000000000000b6d       0x12 Core/Startup/startup_stm32f103rbtx.o
 .debug_abbrev  0x0000000000000b7f      0x1d5 Drivers/STM32F1xx_HAL_Driver/Src/stm32f1xx_hal.o
 .debug_abbrev  0x0000000000000d54      0x1d2 Drivers/STM32F1xx_HAL_Driver/Src/stm32f1xx_hal_adc.o
 .debug_abbrev  0x0000000000000f26      0x2d2 Drivers/STM32F1xx_HAL_Driver/Src/stm32f1xx_hal_cortex.o
 .debug_abbrev  0x00000000000011f8      0x1bd Drivers/STM32F1xx_HAL_Driver/Src/stm32f1xx_hal_gpio.o
 .debug_abbrev  0x00000000000013b5      0x240 Drivers/STM32F1xx_HAL_Driver/Src/stm32f1xx_hal_rcc.o
 .debug_abbrev  0x00000000000015f5      0x172 Drivers/STM32F1xx_HAL_Driver/Src/stm32f1xx_hal_rcc_ex.o
 .debug_abbrev  0x0000000000001767      0x23d Drivers/STM32F1xx_HAL_Driver/Src/stm32f1xx_hal_spi.o

.debug_aranges  0x0000000000000000      0x810
 .debug_aranges
                0x0000000000000000       0xb8 Core/Inc/LCD_Driver.o
 .debug_aranges
                0x00000000000000b8       0x58 Core/Inc/Touch.o
 .debug_aranges
                0x0000000000000110       0x58 Core/Src/main.o
 .debug_aranges
                0x0000000000000168       0x40 Core/Src/stm32f1xx_hal_msp.o
 .debug_aranges
                0x00000000000001a8       0x60 Core/Src/stm32f1xx_it.o
 .debug_aranges
                0x0000000000000208       0x28 Core/Src/system_stm32f1xx.o
 .debug_aranges
                0x0000000000000230       0x28 Core/Startup/startup_stm32f103rbtx.o
 .debug_aranges
                0x0000000000000258       0xe0 Drivers/STM32F1xx_HAL_Driver/Src/stm32f1xx_hal.o
 .debug_aranges
                0x0000000000000338       0xf0 Drivers/STM32F1xx_HAL_Driver/Src/stm32f1xx_hal_adc.o
 .debug_aranges
                0x0000000000000428      0x100 Drivers/STM32F1xx_HAL_Driver/Src/stm32f1xx_hal_cortex.o
 .debug_aranges
                0x0000000000000528       0x58 Drivers/STM32F1xx_HAL_Driver/Src/stm32f1xx_hal_gpio.o
 .debug_aranges
                0x0000000000000580       0x90 Drivers/STM32F1xx_HAL_Driver/Src/stm32f1xx_hal_rcc.o
 .debug_aranges
                0x0000000000000610       0x30 Drivers/STM32F1xx_HAL_Driver/Src/stm32f1xx_hal_rcc_ex.o
 .debug_aranges
                0x0000000000000640      0x1d0 Drivers/STM32F1xx_HAL_Driver/Src/stm32f1xx_hal_spi.o

.debug_ranges   0x0000000000000000      0x738
 .debug_ranges  0x0000000000000000       0xa8 Core/Inc/LCD_Driver.o
 .debug_ranges  0x00000000000000a8       0x48 Core/Inc/Touch.o
 .debug_ranges  0x00000000000000f0       0x48 Core/Src/main.o
 .debug_ranges  0x0000000000000138       0x30 Core/Src/stm32f1xx_hal_msp.o
 .debug_ranges  0x0000000000000168       0x50 Core/Src/stm32f1xx_it.o
 .debug_ranges  0x00000000000001b8       0x18 Core/Src/system_stm32f1xx.o
 .debug_ranges  0x00000000000001d0       0x20 Core/Startup/startup_stm32f103rbtx.o
 .debug_ranges  0x00000000000001f0       0xd0 Drivers/STM32F1xx_HAL_Driver/Src/stm32f1xx_hal.o
 .debug_ranges  0x00000000000002c0       0xe0 Drivers/STM32F1xx_HAL_Driver/Src/stm32f1xx_hal_adc.o
 .debug_ranges  0x00000000000003a0       0xf0 Drivers/STM32F1xx_HAL_Driver/Src/stm32f1xx_hal_cortex.o
 .debug_ranges  0x0000000000000490       0x48 Drivers/STM32F1xx_HAL_Driver/Src/stm32f1xx_hal_gpio.o
 .debug_ranges  0x00000000000004d8       0x80 Drivers/STM32F1xx_HAL_Driver/Src/stm32f1xx_hal_rcc.o
 .debug_ranges  0x0000000000000558       0x20 Drivers/STM32F1xx_HAL_Driver/Src/stm32f1xx_hal_rcc_ex.o
 .debug_ranges  0x0000000000000578      0x1c0 Drivers/STM32F1xx_HAL_Driver/Src/stm32f1xx_hal_spi.o

.debug_line     0x0000000000000000     0x4916
 .debug_line    0x0000000000000000      0x767 Core/Inc/LCD_Driver.o
 .debug_line    0x0000000000000767      0x556 Core/Inc/Touch.o
 .debug_line    0x0000000000000cbd      0x60d Core/Src/main.o
 .debug_line    0x00000000000012ca      0x371 Core/Src/stm32f1xx_hal_msp.o
 .debug_line    0x000000000000163b      0x311 Core/Src/stm32f1xx_it.o
 .debug_line    0x000000000000194c      0x2da Core/Src/system_stm32f1xx.o
 .debug_line    0x0000000000001c26       0x84 Core/Startup/startup_stm32f103rbtx.o
 .debug_line    0x0000000000001caa      0x48a Drivers/STM32F1xx_HAL_Driver/Src/stm32f1xx_hal.o
 .debug_line    0x0000000000002134      0x819 Drivers/STM32F1xx_HAL_Driver/Src/stm32f1xx_hal_adc.o
 .debug_line    0x000000000000294d      0x55b Drivers/STM32F1xx_HAL_Driver/Src/stm32f1xx_hal_cortex.o
 .debug_line    0x0000000000002ea8      0x4a2 Drivers/STM32F1xx_HAL_Driver/Src/stm32f1xx_hal_gpio.o
 .debug_line    0x000000000000334a      0x5a4 Drivers/STM32F1xx_HAL_Driver/Src/stm32f1xx_hal_rcc.o
 .debug_line    0x00000000000038ee      0x393 Drivers/STM32F1xx_HAL_Driver/Src/stm32f1xx_hal_rcc_ex.o
 .debug_line    0x0000000000003c81      0xc95 Drivers/STM32F1xx_HAL_Driver/Src/stm32f1xx_hal_spi.o

.debug_str      0x0000000000000000     0x28d0
 .debug_str     0x0000000000000000      0xc71 Core/Inc/LCD_Driver.o
                                        0xd64 (size before relaxing)
 .debug_str     0x0000000000000c71      0x272 Core/Inc/Touch.o
                                        0xb92 (size before relaxing)
 .debug_str     0x0000000000000ee3      0x2e0 Core/Src/main.o
                                        0xf7e (size before relaxing)
 .debug_str     0x00000000000011c3       0x9e Core/Src/stm32f1xx_hal_msp.o
                                        0x8d5 (size before relaxing)
 .debug_str     0x0000000000001261       0xab Core/Src/stm32f1xx_it.o
                                        0x361 (size before relaxing)
 .debug_str     0x000000000000130c       0xa6 Core/Src/system_stm32f1xx.o
                                        0x3ab (size before relaxing)
 .debug_str     0x00000000000013b2       0x36 Core/Startup/startup_stm32f103rbtx.o
                                         0xbb (size before relaxing)
 .debug_str     0x00000000000013e8      0x541 Drivers/STM32F1xx_HAL_Driver/Src/stm32f1xx_hal.o
                                        0x87f (size before relaxing)
 .debug_str     0x0000000000001929      0x305 Drivers/STM32F1xx_HAL_Driver/Src/stm32f1xx_hal_adc.o
                                        0x97f (size before relaxing)
 .debug_str     0x0000000000001c2e      0x384 Drivers/STM32F1xx_HAL_Driver/Src/stm32f1xx_hal_cortex.o
                                        0x9e6 (size before relaxing)
 .debug_str     0x0000000000001fb2      0x14a Drivers/STM32F1xx_HAL_Driver/Src/stm32f1xx_hal_gpio.o
                                        0x537 (size before relaxing)
 .debug_str     0x00000000000020fc      0x20b Drivers/STM32F1xx_HAL_Driver/Src/stm32f1xx_hal_rcc.o
                                        0x6f2 (size before relaxing)
 .debug_str     0x0000000000002307       0xb9 Drivers/STM32F1xx_HAL_Driver/Src/stm32f1xx_hal_rcc_ex.o
                                        0x4d7 (size before relaxing)
 .debug_str     0x00000000000023c0      0x510 Drivers/STM32F1xx_HAL_Driver/Src/stm32f1xx_hal_spi.o
                                        0xc1f (size before relaxing)

.comment        0x0000000000000000       0x7b
 .comment       0x0000000000000000       0x7b Core/Inc/LCD_Driver.o
                                         0x7c (size before relaxing)
 .comment       0x000000000000007b       0x7c Core/Inc/Touch.o
 .comment       0x000000000000007b       0x7c Core/Src/main.o
 .comment       0x000000000000007b       0x7c Core/Src/stm32f1xx_hal_msp.o
 .comment       0x000000000000007b       0x7c Core/Src/stm32f1xx_it.o
 .comment       0x000000000000007b       0x7c Core/Src/system_stm32f1xx.o
 .comment       0x000000000000007b       0x7c Drivers/STM32F1xx_HAL_Driver/Src/stm32f1xx_hal.o
 .comment       0x000000000000007b       0x7c Drivers/STM32F1xx_HAL_Driver/Src/stm32f1xx_hal_adc.o
 .comment       0x000000000000007b       0x7c Drivers/STM32F1xx_HAL_Driver/Src/stm32f1xx_hal_cortex.o
 .comment       0x000000000000007b       0x7c Drivers/STM32F1xx_HAL_Driver/Src/stm32f1xx_hal_gpio.o
 .comment       0x000000000000007b       0x7c Drivers/STM32F1xx_HAL_Driver/Src/stm32f1xx_hal_rcc.o
 .comment       0x000000000000007b       0x7c Drivers/STM32F1xx_HAL_Driver/Src/stm32f1xx_hal_rcc_ex.o
 .comment       0x000000000000007b       0x7c Drivers/STM32F1xx_HAL_Driver/Src/stm32f1xx_hal_spi.o

.debug_frame    0x0000000000000000     0x1f78
 .debug_frame   0x0000000000000000      0x308 Core/Inc/LCD_Driver.o
 .debug_frame   0x0000000000000308      0x134 Core/Inc/Touch.o
 .debug_frame   0x000000000000043c      0x124 Core/Src/main.o
 .debug_frame   0x0000000000000560       0xc8 Core/Src/stm32f1xx_hal_msp.o
 .debug_frame   0x0000000000000628      0x10c Core/Src/stm32f1xx_it.o
 .debug_frame   0x0000000000000734       0x58 Core/Src/system_stm32f1xx.o
 .debug_frame   0x000000000000078c      0x334 Drivers/STM32F1xx_HAL_Driver/Src/stm32f1xx_hal.o
 .debug_frame   0x0000000000000ac0      0x40c Drivers/STM32F1xx_HAL_Driver/Src/stm32f1xx_hal_adc.o
 .debug_frame   0x0000000000000ecc      0x428 Drivers/STM32F1xx_HAL_Driver/Src/stm32f1xx_hal_cortex.o
 .debug_frame   0x00000000000012f4      0x14c Drivers/STM32F1xx_HAL_Driver/Src/stm32f1xx_hal_gpio.o
 .debug_frame   0x0000000000001440      0x21c Drivers/STM32F1xx_HAL_Driver/Src/stm32f1xx_hal_rcc.o
 .debug_frame   0x000000000000165c       0x84 Drivers/STM32F1xx_HAL_Driver/Src/stm32f1xx_hal_rcc_ex.o
 .debug_frame   0x00000000000016e0      0x824 Drivers/STM32F1xx_HAL_Driver/Src/stm32f1xx_hal_spi.o
 .debug_frame   0x0000000000001f04       0x2c c:/st/stm32cubeide_1.3.0/stm32cubeide/plugins/com.st.stm32cube.ide.mcu.externaltools.gnu-tools-for-stm32.7-2018-q2-update.win32_1.0.0.201904181610/tools/bin/../lib/gcc/arm-none-eabi/7.3.1/../../../../arm-none-eabi/lib/thumb/v7-m\libc_nano.a(lib_a-init.o)
 .debug_frame   0x0000000000001f30       0x28 c:/st/stm32cubeide_1.3.0/stm32cubeide/plugins/com.st.stm32cube.ide.mcu.externaltools.gnu-tools-for-stm32.7-2018-q2-update.win32_1.0.0.201904181610/tools/bin/../lib/gcc/arm-none-eabi/7.3.1/../../../../arm-none-eabi/lib/thumb/v7-m\libc_nano.a(lib_a-memcpy-stub.o)
 .debug_frame   0x0000000000001f58       0x20 c:/st/stm32cubeide_1.3.0/stm32cubeide/plugins/com.st.stm32cube.ide.mcu.externaltools.gnu-tools-for-stm32.7-2018-q2-update.win32_1.0.0.201904181610/tools/bin/../lib/gcc/arm-none-eabi/7.3.1/../../../../arm-none-eabi/lib/thumb/v7-m\libc_nano.a(lib_a-memset.o)
